// Jest Snapshot v1, https://goo.gl/fbAQLP

exports[`CalendarPage should match snapshot 1`] = `
<div>
  <main
    class="chat-bg container mx-auto px-6 pt-4 pb-8 relative min-h-screen"
    style="background: linear-gradient(160deg, #080c14 0%, #0a0f1e 50%, #06080f 100%);"
  >
    <div
      data-testid="star-background"
    />
    <div
      class="flex justify-between items-center mb-3"
    >
      <h1
        class="text-2xl font-bold"
      >
        My Schedule
      </h1>
      <div
        data-connected="false"
        data-testid="google-link-button"
      />
    </div>
    <div
      class="relative z-10"
    >
      <div
        data-props="{"events":[],"tasks":[],"allTasks":[],"unscheduledTasks":[],"userId":"user-123","googleConnected":false}"
        data-testid="calendar-view"
      />
    </div>
  </main>
</div>
`;
